
****************************************************
What to do when you get:
“fatal: remote origin already exists”
https://help.github.com/articles/generating-ssh-keys
****************************************************
Claudias-MacBook-Air:TDD claude$ git add .
Claudias-MacBook-Air:TDD claude$ git status
On branch master
nothing to commit, working directory clean

****************************************************
Claudias-MacBook-Air:TDD claude$ git remote -v
origin	git@github.com:claude-lee/TDD.git (fetch)
origin	git@github.com:claude-lee/TDD.git (push)
****************************************************
If you accidentally left something out of your last 
commit, do the following:
git add . # as usual
git commit --amend
If you don't specify a commit message with -m you 
will be prompted with the previous commit message 
as a default.
****************************************************
When you're done you can check git log --stat to 
see your amended commit with the extra changes.
****************************************************
git describe
git reflog
git svn
git rebase
git blame
git reset
gitk
gitx
git bisect 
git bisect run
git checkout -b 'testing' #switched to a new branch 'testing'
git reset
git cherry
*****************************************************
ls git-*
git rebase-all-branches
gitconfig
cat ~/.gitconfig
alias: p = pull
git cherry-pick
git filter-branch
****************************************************
hub pull-request
****************************************************
$ git branch
* master

$ git branch feature

$ git branch
  feature
* master

$ git  checkout feature
Switched to branch 'feature'

$ git merge feature
Updating ...

$ git branch -d feature
Deleted branch feature 

if you get merge conflicts:

edit conflicting file
then git add file again and git commit again

*************************************************
pretty command line colcors:

git config --global color.ui true
*************************************************










