
****************************************************
What to do when you get:
“fatal: remote origin already exists”
https://help.github.com/articles/generating-ssh-keys
****************************************************
Claudias-MacBook-Air:TDD claude$ git add .
Claudias-MacBook-Air:TDD claude$ git status
On branch master
nothing to commit, working directory clean

****************************************************
Claudias-MacBook-Air:TDD claude$ git remote -v
origin	git@github.com:claude-lee/TDD.git (fetch)
origin	git@github.com:claude-lee/TDD.git (push)
****************************************************

****************************************************

****************************************************

****************************************************

****************************************************


